[MapSize]
20,20
[TileSize]
52.000000,52.000000
[PivotPosition]
26.000000,26.000000
[PlayerSpawn]
286.000000,234.000000

[TileNode0000]
TextureKey:DefaultMap
Attribute:1
ObjectContainer:
[TileNode0001]
TextureKey:DefaultMap
Attribute:2
ObjectContainer:
W_StoneWall0106
[TileNode0002]
TextureKey:DefaultMap
Attribute:2
ObjectContainer:
W_StoneWall0159
[TileNode0003]
TextureKey:DefaultMap
Attribute:2
ObjectContainer:
W_StoneWall0160
[TileNode0004]
TextureKey:DefaultMap
Attribute:2
ObjectContainer:
W_StoneWall0161
[TileNode0005]
TextureKey:DefaultMap
Attribute:2
ObjectContainer:
W_StoneWall0162
[TileNode0006]
TextureKey:DefaultMap
Attribute:2
ObjectContainer:
W_StoneWall0163
[TileNode0007]
TextureKey:DefaultMap
Attribute:2
ObjectContainer:
W_StoneWall0164
[TileNode0008]
TextureKey:DefaultMap
Attribute:2
ObjectContainer:
W_StoneWall0165
[TileNode0009]
TextureKey:DefaultMap
Attribute:2
ObjectContainer:
W_StoneWall0166
[TileNode0010]
TextureKey:DefaultMap
Attribute:2
ObjectContainer:
W_StoneWall0167
[TileNode0011]
TextureKey:DefaultMap
Attribute:1
ObjectContainer:
[TileNode0012]
TextureKey:DefaultMap
Attribute:1
ObjectContainer:
[TileNode0013]
TextureKey:DefaultMap
Attribute:1
ObjectContainer:
[TileNode0014]
TextureKey:DefaultMap
Attribute:1
ObjectContainer:
[TileNode0015]
TextureKey:DefaultMap
Attribute:1
ObjectContainer:
[TileNode0016]
TextureKey:DefaultMap
Attribute:1
ObjectContainer:
[TileNode0017]
TextureKey:DefaultMap
Attribute:1
ObjectContainer:
[TileNode0018]
TextureKey:DefaultMap
Attribute:1
ObjectContainer:
[TileNode0019]
TextureKey:DefaultMap
Attribute:1
ObjectContainer:
[TileNode0020]
TextureKey:DefaultMap
Attribute:1
ObjectContainer:
[TileNode0021]
TextureKey:DefaultMap
Attribute:2
ObjectContainer:
W_StoneWall0107
[TileNode0022]
TextureKey:DefaultMap
Attribute:3
ObjectContainer:
W_WallBase0113
[TileNode0023]
TextureKey:DefaultMap
Attribute:3
ObjectContainer:
W_WallBase0114
[TileNode0024]
TextureKey:DefaultMap
Attribute:3
ObjectContainer:
W_WallBase0115
[TileNode0025]
TextureKey:DefaultMap
Attribute:3
ObjectContainer:
W_WallBase0116
[TileNode0026]
TextureKey:DefaultMap
Attribute:3
ObjectContainer:
W_WallBase0117
[TileNode0027]
TextureKey:DefaultMap
Attribute:3
ObjectContainer:
W_WallBase0118
[TileNode0028]
TextureKey:DefaultMap
Attribute:3
ObjectContainer:
W_WallBase0119
[TileNode0029]
TextureKey:DefaultMap
Attribute:3
ObjectContainer:
W_WallBase0120
[TileNode0030]
TextureKey:DefaultMap
Attribute:2
ObjectContainer:
W_StoneWall0168
[TileNode0031]
TextureKey:DefaultMap
Attribute:2
ObjectContainer:
W_StoneWall0169
[TileNode0032]
TextureKey:DefaultMap
Attribute:2
ObjectContainer:
W_StoneWall0170
[TileNode0033]
TextureKey:DefaultMap
Attribute:1
ObjectContainer:
[TileNode0034]
TextureKey:DefaultMap
Attribute:1
ObjectContainer:
[TileNode0035]
TextureKey:DefaultMap
Attribute:1
ObjectContainer:
[TileNode0036]
TextureKey:DefaultMap
Attribute:1
ObjectContainer:
[TileNode0037]
TextureKey:DefaultMap
Attribute:1
ObjectContainer:
[TileNode0038]
TextureKey:DefaultMap
Attribute:1
ObjectContainer:
[TileNode0039]
TextureKey:DefaultMap
Attribute:1
ObjectContainer:
[TileNode0040]
TextureKey:DefaultMap
Attribute:2
ObjectContainer:
W_StoneWall0109
[TileNode0041]
TextureKey:DefaultMap
Attribute:2
ObjectContainer:
W_StoneWall0108
[TileNode0042]
TextureKey:DefaultMap
Attribute:3
ObjectContainer:
W_WallBase0112
[TileNode0043]
TextureKey:DefaultMap
Attribute:3
ObjectContainer:
W_GravelWall0072
[TileNode0044]
TextureKey:DefaultMap
Attribute:3
ObjectContainer:
W_GravelWall0073
[TileNode0045]
TextureKey:DefaultMap
Attribute:1
ObjectContainer:
[TileNode0046]
TextureKey:DefaultMap
Attribute:3
ObjectContainer:
W_WallBase0122
[TileNode0047]
TextureKey:DefaultMap
Attribute:3
ObjectContainer:
W_WallBase0123
[TileNode0048]
TextureKey:DefaultMap
Attribute:3
ObjectContainer:
W_WallBase0124
[TileNode0049]
TextureKey:DefaultMap
Attribute:3
ObjectContainer:
W_WallBase0121
[TileNode0050]
TextureKey:DefaultMap
Attribute:3
ObjectContainer:
W_WallBase0125
[TileNode0051]
TextureKey:DefaultMap
Attribute:3
ObjectContainer:
W_WallBase0126
[TileNode0052]
TextureKey:DefaultMap
Attribute:3
ObjectContainer:
W_WallBase0127
[TileNode0053]
TextureKey:DefaultMap
Attribute:2
ObjectContainer:
W_StoneWall0171
[TileNode0054]
TextureKey:DefaultMap
Attribute:2
ObjectContainer:
W_StoneWall0172
[TileNode0055]
TextureKey:DefaultMap
Attribute:2
ObjectContainer:
W_StoneWall0173
[TileNode0056]
TextureKey:DefaultMap
Attribute:2
ObjectContainer:
W_StoneWall0174
[TileNode0057]
TextureKey:DefaultMap
Attribute:2
ObjectContainer:
W_StoneWall0175
[TileNode0058]
TextureKey:DefaultMap
Attribute:1
ObjectContainer:
[TileNode0059]
TextureKey:DefaultMap
Attribute:1
ObjectContainer:
[TileNode0060]
TextureKey:DefaultMap
Attribute:2
ObjectContainer:
W_StoneWall0110
[TileNode0061]
TextureKey:DefaultMap
Attribute:3
ObjectContainer:
W_GravelWall0030
[TileNode0062]
TextureKey:DefaultMap
Attribute:3
ObjectContainer:
W_GravelWall0071
[TileNode0063]
TextureKey:DefaultMap
Attribute:1
ObjectContainer:
[TileNode0064]
TextureKey:DefaultMap
Attribute:1
ObjectContainer:
[TileNode0065]
TextureKey:DefaultMap
Attribute:1
ObjectContainer:
[TileNode0066]
TextureKey:DefaultMap
Attribute:1
ObjectContainer:
[TileNode0067]
TextureKey:DefaultMap
Attribute:1
ObjectContainer:
[TileNode0068]
TextureKey:DefaultMap
Attribute:3
ObjectContainer:
W_WallBase0177
[TileNode0069]
TextureKey:DefaultMap
Attribute:1
ObjectContainer:
[TileNode0070]
TextureKey:DefaultMap
Attribute:1
ObjectContainer:
[TileNode0071]
TextureKey:DefaultMap
Attribute:3
ObjectContainer:
W_WallBase0192
[TileNode0072]
TextureKey:DefaultMap
Attribute:3
ObjectContainer:
W_GravelWall0078
[TileNode0073]
TextureKey:DefaultMap
Attribute:3
ObjectContainer:
W_WallBase0128
[TileNode0074]
TextureKey:DefaultMap
Attribute:3
ObjectContainer:
W_WallBase0129
[TileNode0075]
TextureKey:DefaultMap
Attribute:3
ObjectContainer:
W_WallBase0130
[TileNode0076]
TextureKey:DefaultMap
Attribute:3
ObjectContainer:
W_WallBase0131
[TileNode0077]
TextureKey:DefaultMap
Attribute:2
ObjectContainer:
W_StoneWall0176
[TileNode0078]
TextureKey:DefaultMap
Attribute:2
ObjectContainer:
W_StoneWall0177
[TileNode0079]
TextureKey:DefaultMap
Attribute:2
ObjectContainer:
W_StoneWall0178
[TileNode0080]
TextureKey:DefaultMap
Attribute:2
ObjectContainer:
W_StoneWall0111
[TileNode0081]
TextureKey:DefaultMap
Attribute:3
ObjectContainer:
W_GravelWall0031
[TileNode0082]
TextureKey:DefaultMap
Attribute:3
ObjectContainer:
W_GravelWall0032
[TileNode0083]
TextureKey:DefaultMap
Attribute:1
ObjectContainer:
[TileNode0084]
TextureKey:DefaultMap
Attribute:1
ObjectContainer:
[TileNode0085]
TextureKey:DefaultMap
Attribute:1
ObjectContainer:
[TileNode0086]
TextureKey:DefaultMap
Attribute:1
ObjectContainer:
[TileNode0087]
TextureKey:DefaultMap
Attribute:1
ObjectContainer:
[TileNode0088]
TextureKey:DefaultMap
Attribute:3
ObjectContainer:
W_WallBase0178
[TileNode0089]
TextureKey:DefaultMap
Attribute:3
ObjectContainer:
W_GravelWall0076
[TileNode0090]
TextureKey:DefaultMap
Attribute:3
ObjectContainer:
W_GravelWall0077
[TileNode0091]
TextureKey:DefaultMap
Attribute:3
ObjectContainer:
W_WallBase0193
[TileNode0092]
TextureKey:DefaultMap
Attribute:3
ObjectContainer:
W_GravelWall0079
[TileNode0093]
TextureKey:DefaultMap
Attribute:1
ObjectContainer:
[TileNode0094]
TextureKey:DefaultMap
Attribute:1
ObjectContainer:
[TileNode0095]
TextureKey:DefaultMap
Attribute:1
ObjectContainer:
[TileNode0096]
TextureKey:DefaultMap
Attribute:1
ObjectContainer:
[TileNode0097]
TextureKey:DefaultMap
Attribute:3
ObjectContainer:
W_WallBase0132
[TileNode0098]
TextureKey:DefaultMap
Attribute:3
ObjectContainer:
W_WallBase0133
[TileNode0099]
TextureKey:DefaultMap
Attribute:2
ObjectContainer:
W_StoneWall0158
[TileNode0100]
TextureKey:DefaultMap
Attribute:2
ObjectContainer:
W_StoneWall0112
[TileNode0101]
TextureKey:DefaultMap
Attribute:3
ObjectContainer:
W_GravelWall0034
[TileNode0102]
TextureKey:DefaultMap
Attribute:3
ObjectContainer:
W_GravelWall0033
[TileNode0103]
TextureKey:DefaultMap
Attribute:1
ObjectContainer:
[TileNode0104]
TextureKey:DefaultMap
Attribute:1
ObjectContainer:
[TileNode0105]
TextureKey:DefaultMap
Attribute:1
ObjectContainer:
[TileNode0106]
TextureKey:DefaultMap
Attribute:1
ObjectContainer:
[TileNode0107]
TextureKey:DefaultMap
Attribute:1
ObjectContainer:
[TileNode0108]
TextureKey:DefaultMap
Attribute:3
ObjectContainer:
W_WallBase0179
[TileNode0109]
TextureKey:DefaultMap
Attribute:1
ObjectContainer:
[TileNode0110]
TextureKey:DefaultMap
Attribute:1
ObjectContainer:
[TileNode0111]
TextureKey:DefaultMap
Attribute:3
ObjectContainer:
W_WallBase0194
[TileNode0112]
TextureKey:DefaultMap
Attribute:3
ObjectContainer:
W_GravelWall0082
[TileNode0113]
TextureKey:DefaultMap
Attribute:1
ObjectContainer:
[TileNode0114]
TextureKey:DefaultMap
Attribute:3
ObjectContainer:
W_GoldWall0026
[TileNode0115]
TextureKey:DefaultMap
Attribute:3
ObjectContainer:
W_GoldWall0029
[TileNode0116]
TextureKey:DefaultMap
Attribute:1
ObjectContainer:
[TileNode0117]
TextureKey:DefaultMap
Attribute:3
ObjectContainer:
W_GravelWall0070
[TileNode0118]
TextureKey:DefaultMap
Attribute:3
ObjectContainer:
W_WallBase0134
[TileNode0119]
TextureKey:DefaultMap
Attribute:2
ObjectContainer:
W_StoneWall0157
[TileNode0120]
TextureKey:DefaultMap
Attribute:2
ObjectContainer:
W_StoneWall0113
[TileNode0121]
TextureKey:DefaultMap
Attribute:3
ObjectContainer:
W_GravelWall0035
[TileNode0122]
TextureKey:DefaultMap
Attribute:3
ObjectContainer:
W_WallBase0136
[TileNode0123]
TextureKey:DefaultMap
Attribute:3
ObjectContainer:
W_WallBase0135
[TileNode0124]
TextureKey:DefaultMap
Attribute:1
ObjectContainer:
[TileNode0125]
TextureKey:DefaultMap
Attribute:1
ObjectContainer:
[TileNode0126]
TextureKey:DefaultMap
Attribute:1
ObjectContainer:
[TileNode0127]
TextureKey:DefaultMap
Attribute:1
ObjectContainer:
[TileNode0128]
TextureKey:DefaultMap
Attribute:3
ObjectContainer:
W_WallBase0180
[TileNode0129]
TextureKey:DefaultMap
Attribute:1
ObjectContainer:
M_GreenSlime0003
[TileNode0130]
TextureKey:DefaultMap
Attribute:1
ObjectContainer:
[TileNode0131]
TextureKey:DefaultMap
Attribute:3
ObjectContainer:
W_WallBase0195
[TileNode0132]
TextureKey:DefaultMap
Attribute:3
ObjectContainer:
W_GravelWall0083
[TileNode0133]
TextureKey:DefaultMap
Attribute:1
ObjectContainer:
[TileNode0134]
TextureKey:DefaultMap
Attribute:3
ObjectContainer:
W_GoldWall0027
[TileNode0135]
TextureKey:DefaultMap
Attribute:3
ObjectContainer:
W_GoldWall0028
[TileNode0136]
TextureKey:DefaultMap
Attribute:1
ObjectContainer:
[TileNode0137]
TextureKey:DefaultMap
Attribute:3
ObjectContainer:
W_WallBase0176
[TileNode0138]
TextureKey:DefaultMap
Attribute:3
ObjectContainer:
W_GravelWall0069
[TileNode0139]
TextureKey:DefaultMap
Attribute:2
ObjectContainer:
W_StoneWall0156
[TileNode0140]
TextureKey:DefaultMap
Attribute:2
ObjectContainer:
W_StoneWall0114
[TileNode0141]
TextureKey:DefaultMap
Attribute:3
ObjectContainer:
W_GravelWall0036
[TileNode0142]
TextureKey:DefaultMap
Attribute:3
ObjectContainer:
W_WallBase0137
[TileNode0143]
TextureKey:DefaultMap
Attribute:3
ObjectContainer:
W_WallBase0184
[TileNode0144]
TextureKey:DefaultMap
Attribute:3
ObjectContainer:
W_Door0004
[TileNode0145]
TextureKey:DefaultMap
Attribute:3
ObjectContainer:
W_WallBase0185
[TileNode0146]
TextureKey:DefaultMap
Attribute:3
ObjectContainer:
W_WallBase0181
[TileNode0147]
TextureKey:DefaultMap
Attribute:3
ObjectContainer:
W_WallBase0182
[TileNode0148]
TextureKey:DefaultMap
Attribute:3
ObjectContainer:
W_WallBase0183
[TileNode0149]
TextureKey:DefaultMap
Attribute:1
ObjectContainer:
[TileNode0150]
TextureKey:DefaultMap
Attribute:1
ObjectContainer:
[TileNode0151]
TextureKey:DefaultMap
Attribute:3
ObjectContainer:
W_WallBase0196
[TileNode0152]
TextureKey:DefaultMap
Attribute:1
ObjectContainer:
[TileNode0153]
TextureKey:DefaultMap
Attribute:1
ObjectContainer:
[TileNode0154]
TextureKey:DefaultMap
Attribute:1
ObjectContainer:
[TileNode0155]
TextureKey:DefaultMap
Attribute:1
ObjectContainer:
[TileNode0156]
TextureKey:DefaultMap
Attribute:1
ObjectContainer:
[TileNode0157]
TextureKey:DefaultMap
Attribute:3
ObjectContainer:
W_WallBase0175
[TileNode0158]
TextureKey:DefaultMap
Attribute:3
ObjectContainer:
W_GravelWall0068
[TileNode0159]
TextureKey:DefaultMap
Attribute:2
ObjectContainer:
W_StoneWall0155
[TileNode0160]
TextureKey:DefaultMap
Attribute:2
ObjectContainer:
W_StoneWall0115
[TileNode0161]
TextureKey:DefaultMap
Attribute:2
ObjectContainer:
W_StoneWall0116
[TileNode0162]
TextureKey:DefaultMap
Attribute:3
ObjectContainer:
W_WallBase0138
[TileNode0163]
TextureKey:DefaultMap
Attribute:1
ObjectContainer:
[TileNode0164]
TextureKey:DefaultMap
Attribute:1
ObjectContainer:
[TileNode0165]
TextureKey:DefaultMap
Attribute:1
ObjectContainer:
[TileNode0166]
TextureKey:DefaultMap
Attribute:1
ObjectContainer:
[TileNode0167]
TextureKey:DefaultMap
Attribute:3
ObjectContainer:
W_DoorVertical0002
[TileNode0168]
TextureKey:DefaultMap
Attribute:1
ObjectContainer:
[TileNode0169]
TextureKey:DefaultMap
Attribute:1
ObjectContainer:
M_Skeleton0005
[TileNode0170]
TextureKey:DefaultMap
Attribute:1
ObjectContainer:
[TileNode0171]
TextureKey:DefaultMap
Attribute:3
ObjectContainer:
W_WallBase0199
[TileNode0172]
TextureKey:DefaultMap
Attribute:3
ObjectContainer:
W_WallBase0207
[TileNode0173]
TextureKey:DefaultMap
Attribute:3
ObjectContainer:
W_WallBase0208
[TileNode0174]
TextureKey:DefaultMap
Attribute:1
ObjectContainer:
[TileNode0175]
TextureKey:DefaultMap
Attribute:1
ObjectContainer:
[TileNode0176]
TextureKey:DefaultMap
Attribute:1
ObjectContainer:
M_Skeleton0008
[TileNode0177]
TextureKey:DefaultMap
Attribute:1
ObjectContainer:
[TileNode0178]
TextureKey:DefaultMap
Attribute:3
ObjectContainer:
W_GravelWall0067
[TileNode0179]
TextureKey:DefaultMap
Attribute:2
ObjectContainer:
W_StoneWall0154
[TileNode0180]
TextureKey:DefaultMap
Attribute:1
ObjectContainer:
[TileNode0181]
TextureKey:DefaultMap
Attribute:2
ObjectContainer:
W_StoneWall0117
[TileNode0182]
TextureKey:DefaultMap
Attribute:3
ObjectContainer:
W_WallBase0139
[TileNode0183]
TextureKey:DefaultMap
Attribute:1
ObjectContainer:
[TileNode0184]
TextureKey:DefaultMap
Attribute:1
ObjectContainer:
M_Skeleton0006
[TileNode0185]
TextureKey:DefaultMap
Attribute:1
ObjectContainer:
[TileNode0186]
TextureKey:DefaultMap
Attribute:1
ObjectContainer:
[TileNode0187]
TextureKey:DefaultMap
Attribute:3
ObjectContainer:
W_WallBase0191
[TileNode0188]
TextureKey:DefaultMap
Attribute:1
ObjectContainer:
[TileNode0189]
TextureKey:DefaultMap
Attribute:1
ObjectContainer:
[TileNode0190]
TextureKey:DefaultMap
Attribute:1
ObjectContainer:
[TileNode0191]
TextureKey:DefaultMap
Attribute:3
ObjectContainer:
W_WallBase0200
[TileNode0192]
TextureKey:DefaultMap
Attribute:3
ObjectContainer:
W_GravelWall0080
[TileNode0193]
TextureKey:DefaultMap
Attribute:3
ObjectContainer:
W_GravelWall0081
[TileNode0194]
TextureKey:DefaultMap
Attribute:3
ObjectContainer:
W_WallBase0209
[TileNode0195]
TextureKey:DefaultMap
Attribute:3
ObjectContainer:
W_WallBase0210
[TileNode0196]
TextureKey:DefaultMap
Attribute:1
ObjectContainer:
[TileNode0197]
TextureKey:DefaultMap
Attribute:1
ObjectContainer:
[TileNode0198]
TextureKey:DefaultMap
Attribute:3
ObjectContainer:
W_GravelWall0066
[TileNode0199]
TextureKey:DefaultMap
Attribute:2
ObjectContainer:
W_StoneWall0153
[TileNode0200]
TextureKey:DefaultMap
Attribute:2
ObjectContainer:
W_StoneWall0119
[TileNode0201]
TextureKey:DefaultMap
Attribute:2
ObjectContainer:
W_StoneWall0118
[TileNode0202]
TextureKey:DefaultMap
Attribute:3
ObjectContainer:
W_WallBase0140
[TileNode0203]
TextureKey:DefaultMap
Attribute:1
ObjectContainer:
[TileNode0204]
TextureKey:DefaultMap
Attribute:1
ObjectContainer:
[TileNode0205]
TextureKey:DefaultMap
Attribute:1
ObjectContainer:
[TileNode0206]
TextureKey:DefaultMap
Attribute:1
ObjectContainer:
[TileNode0207]
TextureKey:DefaultMap
Attribute:3
ObjectContainer:
W_WallBase0190
[TileNode0208]
TextureKey:DefaultMap
Attribute:1
ObjectContainer:
[TileNode0209]
TextureKey:DefaultMap
Attribute:1
ObjectContainer:
[TileNode0210]
TextureKey:DefaultMap
Attribute:3
ObjectContainer:
W_WallBase0197
[TileNode0211]
TextureKey:DefaultMap
Attribute:3
ObjectContainer:
W_WallBase0198
[TileNode0212]
TextureKey:DefaultMap
Attribute:1
ObjectContainer:
[TileNode0213]
TextureKey:DefaultMap
Attribute:1
ObjectContainer:
[TileNode0214]
TextureKey:DefaultMap
Attribute:1
ObjectContainer:
[TileNode0215]
TextureKey:DefaultMap
Attribute:1
ObjectContainer:
[TileNode0216]
TextureKey:DefaultMap
Attribute:1
ObjectContainer:
M_BlueSlime0005
[TileNode0217]
TextureKey:DefaultMap
Attribute:1
ObjectContainer:
[TileNode0218]
TextureKey:DefaultMap
Attribute:3
ObjectContainer:
W_GravelWall0065
[TileNode0219]
TextureKey:DefaultMap
Attribute:2
ObjectContainer:
W_StoneWall0152
[TileNode0220]
TextureKey:DefaultMap
Attribute:2
ObjectContainer:
W_StoneWall0120
[TileNode0221]
TextureKey:DefaultMap
Attribute:3
ObjectContainer:
W_GravelWall0037
[TileNode0222]
TextureKey:DefaultMap
Attribute:3
ObjectContainer:
W_WallBase0143
[TileNode0223]
TextureKey:DefaultMap
Attribute:3
ObjectContainer:
W_WallBase0144
[TileNode0224]
TextureKey:DefaultMap
Attribute:1
ObjectContainer:
[TileNode0225]
TextureKey:DefaultMap
Attribute:3
ObjectContainer:
W_WallBase0186
[TileNode0226]
TextureKey:DefaultMap
Attribute:3
ObjectContainer:
W_WallBase0187
[TileNode0227]
TextureKey:DefaultMap
Attribute:3
ObjectContainer:
W_WallBase0188
[TileNode0228]
TextureKey:DefaultMap
Attribute:1
ObjectContainer:
[TileNode0229]
TextureKey:DefaultMap
Attribute:1
ObjectContainer:
M_Bat0003
[TileNode0230]
TextureKey:DefaultMap
Attribute:1
ObjectContainer:
[TileNode0231]
TextureKey:DefaultMap
Attribute:1
ObjectContainer:
[TileNode0232]
TextureKey:DefaultMap
Attribute:1
ObjectContainer:
[TileNode0233]
TextureKey:DefaultMap
Attribute:1
ObjectContainer:
[TileNode0234]
TextureKey:DefaultMap
Attribute:1
ObjectContainer:
[TileNode0235]
TextureKey:DefaultMap
Attribute:1
ObjectContainer:
[TileNode0236]
TextureKey:DefaultMap
Attribute:1
ObjectContainer:
M_Skeleton0007
[TileNode0237]
TextureKey:DefaultMap
Attribute:1
ObjectContainer:
[TileNode0238]
TextureKey:DefaultMap
Attribute:3
ObjectContainer:
W_GravelWall0064
[TileNode0239]
TextureKey:DefaultMap
Attribute:2
ObjectContainer:
W_StoneWall0151
[TileNode0240]
TextureKey:DefaultMap
Attribute:2
ObjectContainer:
W_StoneWall0121
[TileNode0241]
TextureKey:DefaultMap
Attribute:3
ObjectContainer:
W_WallBase0141
[TileNode0242]
TextureKey:DefaultMap
Attribute:3
ObjectContainer:
W_GravelWall0038
[TileNode0243]
TextureKey:DefaultMap
Attribute:3
ObjectContainer:
W_WallBase0145
[TileNode0244]
TextureKey:DefaultMap
Attribute:3
ObjectContainer:
W_WallBase0146
[TileNode0245]
TextureKey:DefaultMap
Attribute:3
ObjectContainer:
W_WallBase0189
[TileNode0246]
TextureKey:DefaultMap
Attribute:3
ObjectContainer:
W_GravelWall0074
[TileNode0247]
TextureKey:DefaultMap
Attribute:3
ObjectContainer:
W_GravelWall0075
[TileNode0248]
TextureKey:DefaultMap
Attribute:1
ObjectContainer:
[TileNode0249]
TextureKey:DefaultMap
Attribute:1
ObjectContainer:
[TileNode0250]
TextureKey:DefaultMap
Attribute:1
ObjectContainer:
M_BlueSlime0004
[TileNode0251]
TextureKey:DefaultMap
Attribute:1
ObjectContainer:
[TileNode0252]
TextureKey:DefaultMap
Attribute:1
ObjectContainer:
M_GreenSlime0004
[TileNode0253]
TextureKey:DefaultMap
Attribute:1
ObjectContainer:
[TileNode0254]
TextureKey:DefaultMap
Attribute:3
ObjectContainer:
W_WallBase0205
[TileNode0255]
TextureKey:DefaultMap
Attribute:1
ObjectContainer:
[TileNode0256]
TextureKey:DefaultMap
Attribute:1
ObjectContainer:
[TileNode0257]
TextureKey:DefaultMap
Attribute:3
ObjectContainer:
W_WallBase0174
[TileNode0258]
TextureKey:DefaultMap
Attribute:3
ObjectContainer:
W_GravelWall0063
[TileNode0259]
TextureKey:DefaultMap
Attribute:2
ObjectContainer:
W_StoneWall0150
[TileNode0260]
TextureKey:DefaultMap
Attribute:2
ObjectContainer:
W_StoneWall0122
[TileNode0261]
TextureKey:DefaultMap
Attribute:3
ObjectContainer:
W_WallBase0142
[TileNode0262]
TextureKey:DefaultMap
Attribute:3
ObjectContainer:
W_GravelWall0039
[TileNode0263]
TextureKey:DefaultMap
Attribute:3
ObjectContainer:
W_WallBase0151
[TileNode0264]
TextureKey:DefaultMap
Attribute:3
ObjectContainer:
W_WallBase0147
[TileNode0265]
TextureKey:DefaultMap
Attribute:3
ObjectContainer:
W_WallBase0148
[TileNode0266]
TextureKey:DefaultMap
Attribute:1
ObjectContainer:
[TileNode0267]
TextureKey:DefaultMap
Attribute:1
ObjectContainer:
[TileNode0268]
TextureKey:DefaultMap
Attribute:1
ObjectContainer:
[TileNode0269]
TextureKey:DefaultMap
Attribute:1
ObjectContainer:
[TileNode0270]
TextureKey:DefaultMap
Attribute:1
ObjectContainer:
M_Skeleton0004
[TileNode0271]
TextureKey:DefaultMap
Attribute:1
ObjectContainer:
[TileNode0272]
TextureKey:DefaultMap
Attribute:1
ObjectContainer:
[TileNode0273]
TextureKey:DefaultMap
Attribute:1
ObjectContainer:
[TileNode0274]
TextureKey:DefaultMap
Attribute:3
ObjectContainer:
W_WallBase0204
[TileNode0275]
TextureKey:DefaultMap
Attribute:1
ObjectContainer:
[TileNode0276]
TextureKey:DefaultMap
Attribute:1
ObjectContainer:
[TileNode0277]
TextureKey:DefaultMap
Attribute:3
ObjectContainer:
W_WallBase0173
[TileNode0278]
TextureKey:DefaultMap
Attribute:3
ObjectContainer:
W_GravelWall0062
[TileNode0279]
TextureKey:DefaultMap
Attribute:2
ObjectContainer:
W_StoneWall0149
[TileNode0280]
TextureKey:DefaultMap
Attribute:2
ObjectContainer:
W_StoneWall0123
[TileNode0281]
TextureKey:DefaultMap
Attribute:2
ObjectContainer:
W_StoneWall0124
[TileNode0282]
TextureKey:DefaultMap
Attribute:3
ObjectContainer:
W_GravelWall0040
[TileNode0283]
TextureKey:DefaultMap
Attribute:3
ObjectContainer:
W_GravelWall0044
[TileNode0284]
TextureKey:DefaultMap
Attribute:3
ObjectContainer:
W_WallBase0152
[TileNode0285]
TextureKey:DefaultMap
Attribute:3
ObjectContainer:
W_WallBase0149
[TileNode0286]
TextureKey:DefaultMap
Attribute:3
ObjectContainer:
W_WallBase0150
[TileNode0287]
TextureKey:DefaultMap
Attribute:3
ObjectContainer:
W_WallBase0153
[TileNode0288]
TextureKey:DefaultMap
Attribute:3
ObjectContainer:
W_WallBase0154
[TileNode0289]
TextureKey:DefaultMap
Attribute:1
ObjectContainer:
[TileNode0290]
TextureKey:DefaultMap
Attribute:1
ObjectContainer:
[TileNode0291]
TextureKey:DefaultMap
Attribute:1
ObjectContainer:
[TileNode0292]
TextureKey:DefaultMap
Attribute:1
ObjectContainer:
[TileNode0293]
TextureKey:DefaultMap
Attribute:3
ObjectContainer:
W_WallBase0202
[TileNode0294]
TextureKey:DefaultMap
Attribute:3
ObjectContainer:
W_WallBase0203
[TileNode0295]
TextureKey:DefaultMap
Attribute:1
ObjectContainer:
[TileNode0296]
TextureKey:DefaultMap
Attribute:1
ObjectContainer:
[TileNode0297]
TextureKey:DefaultMap
Attribute:3
ObjectContainer:
W_WallBase0172
[TileNode0298]
TextureKey:DefaultMap
Attribute:3
ObjectContainer:
W_GravelWall0061
[TileNode0299]
TextureKey:DefaultMap
Attribute:2
ObjectContainer:
W_StoneWall0148
[TileNode0300]
TextureKey:DefaultMap
Attribute:1
ObjectContainer:
[TileNode0301]
TextureKey:DefaultMap
Attribute:2
ObjectContainer:
W_StoneWall0125
[TileNode0302]
TextureKey:DefaultMap
Attribute:2
ObjectContainer:
W_StoneWall0126
[TileNode0303]
TextureKey:DefaultMap
Attribute:3
ObjectContainer:
W_GravelWall0045
[TileNode0304]
TextureKey:DefaultMap
Attribute:3
ObjectContainer:
W_GravelWall0041
[TileNode0305]
TextureKey:DefaultMap
Attribute:3
ObjectContainer:
W_GravelWall0042
[TileNode0306]
TextureKey:DefaultMap
Attribute:3
ObjectContainer:
W_GravelWall0043
[TileNode0307]
TextureKey:DefaultMap
Attribute:3
ObjectContainer:
W_GravelWall0046
[TileNode0308]
TextureKey:DefaultMap
Attribute:3
ObjectContainer:
W_WallBase0155
[TileNode0309]
TextureKey:DefaultMap
Attribute:3
ObjectContainer:
W_WallBase0156
[TileNode0310]
TextureKey:DefaultMap
Attribute:1
ObjectContainer:
[TileNode0311]
TextureKey:DefaultMap
Attribute:1
ObjectContainer:
[TileNode0312]
TextureKey:DefaultMap
Attribute:1
ObjectContainer:
[TileNode0313]
TextureKey:DefaultMap
Attribute:3
ObjectContainer:
W_WallBase0201
[TileNode0314]
TextureKey:DefaultMap
Attribute:3
ObjectContainer:
W_WallBase0206
[TileNode0315]
TextureKey:DefaultMap
Attribute:3
ObjectContainer:
W_WallBase0170
[TileNode0316]
TextureKey:DefaultMap
Attribute:3
ObjectContainer:
W_WallBase0171
[TileNode0317]
TextureKey:DefaultMap
Attribute:3
ObjectContainer:
W_GravelWall0060
[TileNode0318]
TextureKey:DefaultMap
Attribute:3
ObjectContainer:
W_WallBase0169
[TileNode0319]
TextureKey:DefaultMap
Attribute:2
ObjectContainer:
W_StoneWall0147
[TileNode0320]
TextureKey:DefaultMap
Attribute:1
ObjectContainer:
[TileNode0321]
TextureKey:DefaultMap
Attribute:1
ObjectContainer:
[TileNode0322]
TextureKey:DefaultMap
Attribute:1
ObjectContainer:
[TileNode0323]
TextureKey:DefaultMap
Attribute:2
ObjectContainer:
W_StoneWall0127
[TileNode0324]
TextureKey:DefaultMap
Attribute:2
ObjectContainer:
W_StoneWall0128
[TileNode0325]
TextureKey:DefaultMap
Attribute:3
ObjectContainer:
W_WallBase0159
[TileNode0326]
TextureKey:DefaultMap
Attribute:3
ObjectContainer:
W_WallBase0160
[TileNode0327]
TextureKey:DefaultMap
Attribute:3
ObjectContainer:
W_GravelWall0047
[TileNode0328]
TextureKey:DefaultMap
Attribute:3
ObjectContainer:
W_GravelWall0048
[TileNode0329]
TextureKey:DefaultMap
Attribute:3
ObjectContainer:
W_WallBase0157
[TileNode0330]
TextureKey:DefaultMap
Attribute:1
ObjectContainer:
[TileNode0331]
TextureKey:DefaultMap
Attribute:3
ObjectContainer:
W_WallBase0164
[TileNode0332]
TextureKey:DefaultMap
Attribute:3
ObjectContainer:
W_WallBase0165
[TileNode0333]
TextureKey:DefaultMap
Attribute:3
ObjectContainer:
W_WallBase0166
[TileNode0334]
TextureKey:DefaultMap
Attribute:3
ObjectContainer:
W_GravelWall0057
[TileNode0335]
TextureKey:DefaultMap
Attribute:3
ObjectContainer:
W_GravelWall0058
[TileNode0336]
TextureKey:DefaultMap
Attribute:3
ObjectContainer:
W_GravelWall0059
[TileNode0337]
TextureKey:DefaultMap
Attribute:2
ObjectContainer:
W_StoneWall0145
[TileNode0338]
TextureKey:DefaultMap
Attribute:2
ObjectContainer:
W_StoneWall0146
[TileNode0339]
TextureKey:DefaultMap
Attribute:1
ObjectContainer:
[TileNode0340]
TextureKey:DefaultMap
Attribute:1
ObjectContainer:
[TileNode0341]
TextureKey:DefaultMap
Attribute:1
ObjectContainer:
[TileNode0342]
TextureKey:DefaultMap
Attribute:1
ObjectContainer:
[TileNode0343]
TextureKey:DefaultMap
Attribute:1
ObjectContainer:
[TileNode0344]
TextureKey:DefaultMap
Attribute:2
ObjectContainer:
W_StoneWall0129
[TileNode0345]
TextureKey:DefaultMap
Attribute:2
ObjectContainer:
W_StoneWall0130
[TileNode0346]
TextureKey:DefaultMap
Attribute:3
ObjectContainer:
W_WallBase0161
[TileNode0347]
TextureKey:DefaultMap
Attribute:3
ObjectContainer:
W_WallBase0162
[TileNode0348]
TextureKey:DefaultMap
Attribute:3
ObjectContainer:
W_GravelWall0049
[TileNode0349]
TextureKey:DefaultMap
Attribute:3
ObjectContainer:
W_GravelWall0050
[TileNode0350]
TextureKey:DefaultMap
Attribute:3
ObjectContainer:
W_WallBase0158
[TileNode0351]
TextureKey:DefaultMap
Attribute:3
ObjectContainer:
W_WallBase0163
[TileNode0352]
TextureKey:DefaultMap
Attribute:3
ObjectContainer:
W_GravelWall0055
[TileNode0353]
TextureKey:DefaultMap
Attribute:3
ObjectContainer:
W_GravelWall0056
[TileNode0354]
TextureKey:DefaultMap
Attribute:3
ObjectContainer:
W_WallBase0167
[TileNode0355]
TextureKey:DefaultMap
Attribute:2
ObjectContainer:
W_StoneWall0142
[TileNode0356]
TextureKey:DefaultMap
Attribute:2
ObjectContainer:
W_StoneWall0143
[TileNode0357]
TextureKey:DefaultMap
Attribute:2
ObjectContainer:
W_StoneWall0144
[TileNode0358]
TextureKey:DefaultMap
Attribute:1
ObjectContainer:
[TileNode0359]
TextureKey:DefaultMap
Attribute:1
ObjectContainer:
[TileNode0360]
TextureKey:DefaultMap
Attribute:1
ObjectContainer:
[TileNode0361]
TextureKey:DefaultMap
Attribute:1
ObjectContainer:
[TileNode0362]
TextureKey:DefaultMap
Attribute:1
ObjectContainer:
[TileNode0363]
TextureKey:DefaultMap
Attribute:1
ObjectContainer:
[TileNode0364]
TextureKey:DefaultMap
Attribute:1
ObjectContainer:
[TileNode0365]
TextureKey:DefaultMap
Attribute:1
ObjectContainer:
[TileNode0366]
TextureKey:DefaultMap
Attribute:2
ObjectContainer:
W_StoneWall0131
[TileNode0367]
TextureKey:DefaultMap
Attribute:2
ObjectContainer:
W_StoneWall0132
[TileNode0368]
TextureKey:DefaultMap
Attribute:2
ObjectContainer:
W_StoneWall0133
[TileNode0369]
TextureKey:DefaultMap
Attribute:3
ObjectContainer:
W_GravelWall0051
[TileNode0370]
TextureKey:DefaultMap
Attribute:3
ObjectContainer:
W_GravelWall0052
[TileNode0371]
TextureKey:DefaultMap
Attribute:3
ObjectContainer:
W_GravelWall0053
[TileNode0372]
TextureKey:DefaultMap
Attribute:3
ObjectContainer:
W_GravelWall0054
[TileNode0373]
TextureKey:DefaultMap
Attribute:3
ObjectContainer:
W_WallBase0168
[TileNode0374]
TextureKey:DefaultMap
Attribute:2
ObjectContainer:
W_StoneWall0140
[TileNode0375]
TextureKey:DefaultMap
Attribute:2
ObjectContainer:
W_StoneWall0141
[TileNode0376]
TextureKey:DefaultMap
Attribute:1
ObjectContainer:
[TileNode0377]
TextureKey:DefaultMap
Attribute:1
ObjectContainer:
[TileNode0378]
TextureKey:DefaultMap
Attribute:1
ObjectContainer:
[TileNode0379]
TextureKey:DefaultMap
Attribute:1
ObjectContainer:
[TileNode0380]
TextureKey:DefaultMap
Attribute:1
ObjectContainer:
[TileNode0381]
TextureKey:DefaultMap
Attribute:1
ObjectContainer:
[TileNode0382]
TextureKey:DefaultMap
Attribute:1
ObjectContainer:
[TileNode0383]
TextureKey:DefaultMap
Attribute:1
ObjectContainer:
[TileNode0384]
TextureKey:DefaultMap
Attribute:1
ObjectContainer:
[TileNode0385]
TextureKey:DefaultMap
Attribute:1
ObjectContainer:
[TileNode0386]
TextureKey:DefaultMap
Attribute:1
ObjectContainer:
[TileNode0387]
TextureKey:DefaultMap
Attribute:1
ObjectContainer:
[TileNode0388]
TextureKey:DefaultMap
Attribute:2
ObjectContainer:
W_StoneWall0134
[TileNode0389]
TextureKey:DefaultMap
Attribute:2
ObjectContainer:
W_StoneWall0135
[TileNode0390]
TextureKey:DefaultMap
Attribute:2
ObjectContainer:
W_StoneWall0136
[TileNode0391]
TextureKey:DefaultMap
Attribute:2
ObjectContainer:
W_StoneWall0137
[TileNode0392]
TextureKey:DefaultMap
Attribute:2
ObjectContainer:
W_StoneWall0138
[TileNode0393]
TextureKey:DefaultMap
Attribute:2
ObjectContainer:
W_StoneWall0139
[TileNode0394]
TextureKey:DefaultMap
Attribute:1
ObjectContainer:
[TileNode0395]
TextureKey:DefaultMap
Attribute:1
ObjectContainer:
[TileNode0396]
TextureKey:DefaultMap
Attribute:1
ObjectContainer:
[TileNode0397]
TextureKey:DefaultMap
Attribute:1
ObjectContainer:
[TileNode0398]
TextureKey:DefaultMap
Attribute:1
ObjectContainer:
[TileNode0399]
TextureKey:DefaultMap
Attribute:1
ObjectContainer:
