[MapSize]
20,20
[TileSize]
52.000000,52.000000
[PivotPosition]
26.000000,26.000000
[PlayerSpawn]
702.000000,286.000000

[TileNode0000]
TextureKey:DefaultMap
Attribute:2
ObjectContainer:
W_StoneWall0001
[TileNode0001]
TextureKey:DefaultMap
Attribute:1
ObjectContainer:
[TileNode0002]
TextureKey:DefaultMap
Attribute:1
ObjectContainer:
[TileNode0003]
TextureKey:DefaultMap
Attribute:1
ObjectContainer:
[TileNode0004]
TextureKey:DefaultMap
Attribute:1
ObjectContainer:
[TileNode0005]
TextureKey:DefaultMap
Attribute:1
ObjectContainer:
[TileNode0006]
TextureKey:DefaultMap
Attribute:1
ObjectContainer:
[TileNode0007]
TextureKey:DefaultMap
Attribute:1
ObjectContainer:
[TileNode0008]
TextureKey:DefaultMap
Attribute:1
ObjectContainer:
[TileNode0009]
TextureKey:DefaultMap
Attribute:1
ObjectContainer:
[TileNode0010]
TextureKey:DefaultMap
Attribute:1
ObjectContainer:
[TileNode0011]
TextureKey:DefaultMap
Attribute:1
ObjectContainer:
[TileNode0012]
TextureKey:DefaultMap
Attribute:1
ObjectContainer:
[TileNode0013]
TextureKey:DefaultMap
Attribute:1
ObjectContainer:
[TileNode0014]
TextureKey:DefaultMap
Attribute:1
ObjectContainer:
[TileNode0015]
TextureKey:DefaultMap
Attribute:1
ObjectContainer:
[TileNode0016]
TextureKey:DefaultMap
Attribute:1
ObjectContainer:
[TileNode0017]
TextureKey:DefaultMap
Attribute:1
ObjectContainer:
[TileNode0018]
TextureKey:DefaultMap
Attribute:1
ObjectContainer:
[TileNode0019]
TextureKey:DefaultMap
Attribute:1
ObjectContainer:
[TileNode0020]
TextureKey:DefaultMap
Attribute:2
ObjectContainer:
W_StoneWall0002
[TileNode0021]
TextureKey:DefaultMap
Attribute:2
ObjectContainer:
W_StoneWall0003
[TileNode0022]
TextureKey:DefaultMap
Attribute:2
ObjectContainer:
W_StoneWall0004
[TileNode0023]
TextureKey:DefaultMap
Attribute:2
ObjectContainer:
W_StoneWall0005
[TileNode0024]
TextureKey:DefaultMap
Attribute:2
ObjectContainer:
W_StoneWall0006
[TileNode0025]
TextureKey:DefaultMap
Attribute:2
ObjectContainer:
W_StoneWall0007
[TileNode0026]
TextureKey:DefaultMap
Attribute:2
ObjectContainer:
W_StoneWall0008
[TileNode0027]
TextureKey:DefaultMap
Attribute:2
ObjectContainer:
W_StoneWall0009
[TileNode0028]
TextureKey:DefaultMap
Attribute:2
ObjectContainer:
W_StoneWall0010
[TileNode0029]
TextureKey:DefaultMap
Attribute:2
ObjectContainer:
W_StoneWall0011
[TileNode0030]
TextureKey:DefaultMap
Attribute:2
ObjectContainer:
W_StoneWall0012
[TileNode0031]
TextureKey:DefaultMap
Attribute:2
ObjectContainer:
W_StoneWall0013
[TileNode0032]
TextureKey:DefaultMap
Attribute:2
ObjectContainer:
W_StoneWall0014
[TileNode0033]
TextureKey:DefaultMap
Attribute:2
ObjectContainer:
W_StoneWall0015
[TileNode0034]
TextureKey:DefaultMap
Attribute:2
ObjectContainer:
W_StoneWall0016
[TileNode0035]
TextureKey:DefaultMap
Attribute:2
ObjectContainer:
W_StoneWall0017
[TileNode0036]
TextureKey:DefaultMap
Attribute:2
ObjectContainer:
W_StoneWall0018
[TileNode0037]
TextureKey:DefaultMap
Attribute:2
ObjectContainer:
W_StoneWall0019
[TileNode0038]
TextureKey:DefaultMap
Attribute:2
ObjectContainer:
W_StoneWall0020
[TileNode0039]
TextureKey:DefaultMap
Attribute:1
ObjectContainer:
[TileNode0040]
TextureKey:DefaultMap
Attribute:2
ObjectContainer:
W_StoneWall0021
[TileNode0041]
TextureKey:DefaultMap
Attribute:3
ObjectContainer:
W_WallBase0001
[TileNode0042]
TextureKey:DefaultMap
Attribute:3
ObjectContainer:
W_WallBase0002
[TileNode0043]
TextureKey:DefaultMap
Attribute:3
ObjectContainer:
W_WallBase0003
[TileNode0044]
TextureKey:DefaultMap
Attribute:3
ObjectContainer:
W_WallBase0004
[TileNode0045]
TextureKey:DefaultMap
Attribute:3
ObjectContainer:
W_WallBase0005
[TileNode0046]
TextureKey:DefaultMap
Attribute:3
ObjectContainer:
W_WallBase0006
[TileNode0047]
TextureKey:DefaultMap
Attribute:3
ObjectContainer:
W_WallBase0007
[TileNode0048]
TextureKey:DefaultMap
Attribute:1
ObjectContainer:
[TileNode0049]
TextureKey:DefaultMap
Attribute:3
ObjectContainer:
W_WallBase0008
[TileNode0050]
TextureKey:DefaultMap
Attribute:3
ObjectContainer:
W_GravelWall0001
[TileNode0051]
TextureKey:DefaultMap
Attribute:3
ObjectContainer:
W_GoldWall0001
[TileNode0052]
TextureKey:DefaultMap
Attribute:3
ObjectContainer:
W_GoldWall0002
[TileNode0053]
TextureKey:DefaultMap
Attribute:3
ObjectContainer:
W_GoldWall0003
[TileNode0054]
TextureKey:DefaultMap
Attribute:3
ObjectContainer:
W_GoldWall0004
[TileNode0055]
TextureKey:DefaultMap
Attribute:3
ObjectContainer:
W_GoldWall0005
[TileNode0056]
TextureKey:DefaultMap
Attribute:3
ObjectContainer:
W_GoldWall0006
[TileNode0057]
TextureKey:DefaultMap
Attribute:3
ObjectContainer:
W_GoldWall0007
[TileNode0058]
TextureKey:DefaultMap
Attribute:2
ObjectContainer:
W_StoneWall0022
[TileNode0059]
TextureKey:DefaultMap
Attribute:1
ObjectContainer:
[TileNode0060]
TextureKey:DefaultMap
Attribute:2
ObjectContainer:
W_StoneWall0023
[TileNode0061]
TextureKey:DefaultMap
Attribute:3
ObjectContainer:
W_WallBase0009
[TileNode0062]
TextureKey:DefaultMap
Attribute:1
ObjectContainer:
[TileNode0063]
TextureKey:DefaultMap
Attribute:1
ObjectContainer:
[TileNode0064]
TextureKey:DefaultMap
Attribute:1
ObjectContainer:
[TileNode0065]
TextureKey:DefaultMap
Attribute:1
ObjectContainer:
[TileNode0066]
TextureKey:DefaultMap
Attribute:1
ObjectContainer:
[TileNode0067]
TextureKey:DefaultMap
Attribute:3
ObjectContainer:
W_WallBase0010
[TileNode0068]
TextureKey:DefaultMap
Attribute:3
ObjectContainer:
W_WallBase0011
[TileNode0069]
TextureKey:DefaultMap
Attribute:3
ObjectContainer:
W_WallBase0012
[TileNode0070]
TextureKey:DefaultMap
Attribute:3
ObjectContainer:
W_GravelWall0002
[TileNode0071]
TextureKey:DefaultMap
Attribute:3
ObjectContainer:
W_GoldWall0008
[TileNode0072]
TextureKey:DefaultMap
Attribute:1
ObjectContainer:
[TileNode0073]
TextureKey:DefaultMap
Attribute:1
ObjectContainer:
[TileNode0074]
TextureKey:DefaultMap
Attribute:1
ObjectContainer:
[TileNode0075]
TextureKey:DefaultMap
Attribute:1
ObjectContainer:
[TileNode0076]
TextureKey:DefaultMap
Attribute:1
ObjectContainer:
[TileNode0077]
TextureKey:DefaultMap
Attribute:3
ObjectContainer:
W_GoldWall0009
[TileNode0078]
TextureKey:DefaultMap
Attribute:2
ObjectContainer:
W_StoneWall0024
[TileNode0079]
TextureKey:DefaultMap
Attribute:1
ObjectContainer:
[TileNode0080]
TextureKey:DefaultMap
Attribute:2
ObjectContainer:
W_StoneWall0025
[TileNode0081]
TextureKey:DefaultMap
Attribute:3
ObjectContainer:
W_WallBase0013
[TileNode0082]
TextureKey:DefaultMap
Attribute:1
ObjectContainer:
[TileNode0083]
TextureKey:DefaultMap
Attribute:1
ObjectContainer:
[TileNode0084]
TextureKey:DefaultMap
Attribute:1
ObjectContainer:
[TileNode0085]
TextureKey:DefaultMap
Attribute:1
ObjectContainer:
[TileNode0086]
TextureKey:DefaultMap
Attribute:1
ObjectContainer:
[TileNode0087]
TextureKey:DefaultMap
Attribute:3
ObjectContainer:
W_WallBase0014
[TileNode0088]
TextureKey:DefaultMap
Attribute:3
ObjectContainer:
W_WallBase0015
[TileNode0089]
TextureKey:DefaultMap
Attribute:3
ObjectContainer:
W_WallBase0016
[TileNode0090]
TextureKey:DefaultMap
Attribute:3
ObjectContainer:
W_GravelWall0003
[TileNode0091]
TextureKey:DefaultMap
Attribute:3
ObjectContainer:
W_GoldWall0010
[TileNode0092]
TextureKey:DefaultMap
Attribute:1
ObjectContainer:
[TileNode0093]
TextureKey:DefaultMap
Attribute:1
ObjectContainer:
[TileNode0094]
TextureKey:DefaultMap
Attribute:1
ObjectContainer:
N_ShopKeeper0001
[TileNode0095]
TextureKey:DefaultMap
Attribute:1
ObjectContainer:
[TileNode0096]
TextureKey:DefaultMap
Attribute:1
ObjectContainer:
[TileNode0097]
TextureKey:DefaultMap
Attribute:3
ObjectContainer:
W_GoldWall0011
[TileNode0098]
TextureKey:DefaultMap
Attribute:2
ObjectContainer:
W_StoneWall0026
[TileNode0099]
TextureKey:DefaultMap
Attribute:1
ObjectContainer:
[TileNode0100]
TextureKey:DefaultMap
Attribute:2
ObjectContainer:
W_StoneWall0027
[TileNode0101]
TextureKey:DefaultMap
Attribute:3
ObjectContainer:
W_WallBase0017
[TileNode0102]
TextureKey:DefaultMap
Attribute:3
ObjectContainer:
W_WallBase0018
[TileNode0103]
TextureKey:DefaultMap
Attribute:3
ObjectContainer:
W_WallBase0019
[TileNode0104]
TextureKey:DefaultMap
Attribute:3
ObjectContainer:
W_WallBase0020
[TileNode0105]
TextureKey:DefaultMap
Attribute:1
ObjectContainer:
[TileNode0106]
TextureKey:DefaultMap
Attribute:1
ObjectContainer:
M_GreenSlime0001
[TileNode0107]
TextureKey:DefaultMap
Attribute:3
ObjectContainer:
W_WallBase0021
[TileNode0108]
TextureKey:DefaultMap
Attribute:3
ObjectContainer:
W_WallBase0022
[TileNode0109]
TextureKey:DefaultMap
Attribute:3
ObjectContainer:
W_GravelWall0004
[TileNode0110]
TextureKey:DefaultMap
Attribute:3
ObjectContainer:
W_GravelWall0005
[TileNode0111]
TextureKey:DefaultMap
Attribute:3
ObjectContainer:
W_GoldWall0012
[TileNode0112]
TextureKey:DefaultMap
Attribute:1
ObjectContainer:
[TileNode0113]
TextureKey:DefaultMap
Attribute:1
ObjectContainer:
[TileNode0114]
TextureKey:DefaultMap
Attribute:1
ObjectContainer:
[TileNode0115]
TextureKey:DefaultMap
Attribute:1
ObjectContainer:
[TileNode0116]
TextureKey:DefaultMap
Attribute:1
ObjectContainer:
[TileNode0117]
TextureKey:DefaultMap
Attribute:3
ObjectContainer:
W_GoldWall0013
[TileNode0118]
TextureKey:DefaultMap
Attribute:2
ObjectContainer:
W_StoneWall0028
[TileNode0119]
TextureKey:DefaultMap
Attribute:1
ObjectContainer:
[TileNode0120]
TextureKey:DefaultMap
Attribute:2
ObjectContainer:
W_StoneWall0029
[TileNode0121]
TextureKey:DefaultMap
Attribute:2
ObjectContainer:
W_StoneWall0030
[TileNode0122]
TextureKey:DefaultMap
Attribute:2
ObjectContainer:
W_StoneWall0031
[TileNode0123]
TextureKey:DefaultMap
Attribute:2
ObjectContainer:
W_StoneWall0032
[TileNode0124]
TextureKey:DefaultMap
Attribute:3
ObjectContainer:
W_WallBase0023
[TileNode0125]
TextureKey:DefaultMap
Attribute:1
ObjectContainer:
M_GreenSlime0002
[TileNode0126]
TextureKey:DefaultMap
Attribute:1
ObjectContainer:
[TileNode0127]
TextureKey:DefaultMap
Attribute:1
ObjectContainer:
[TileNode0128]
TextureKey:DefaultMap
Attribute:3
ObjectContainer:
W_WallBase0024
[TileNode0129]
TextureKey:DefaultMap
Attribute:3
ObjectContainer:
W_GravelWall0006
[TileNode0130]
TextureKey:DefaultMap
Attribute:1
ObjectContainer:
[TileNode0131]
TextureKey:DefaultMap
Attribute:3
ObjectContainer:
W_GoldWall0014
[TileNode0132]
TextureKey:DefaultMap
Attribute:1
ObjectContainer:
[TileNode0133]
TextureKey:DefaultMap
Attribute:1
ObjectContainer:
[TileNode0134]
TextureKey:DefaultMap
Attribute:1
ObjectContainer:
[TileNode0135]
TextureKey:DefaultMap
Attribute:1
ObjectContainer:
[TileNode0136]
TextureKey:DefaultMap
Attribute:1
ObjectContainer:
[TileNode0137]
TextureKey:DefaultMap
Attribute:3
ObjectContainer:
W_GoldWall0015
[TileNode0138]
TextureKey:DefaultMap
Attribute:2
ObjectContainer:
W_StoneWall0033
[TileNode0139]
TextureKey:DefaultMap
Attribute:1
ObjectContainer:
[TileNode0140]
TextureKey:DefaultMap
Attribute:1
ObjectContainer:
[TileNode0141]
TextureKey:DefaultMap
Attribute:1
ObjectContainer:
[TileNode0142]
TextureKey:DefaultMap
Attribute:1
ObjectContainer:
[TileNode0143]
TextureKey:DefaultMap
Attribute:2
ObjectContainer:
W_StoneWall0034
[TileNode0144]
TextureKey:DefaultMap
Attribute:3
ObjectContainer:
W_WallBase0025
[TileNode0145]
TextureKey:DefaultMap
Attribute:1
ObjectContainer:
[TileNode0146]
TextureKey:DefaultMap
Attribute:1
ObjectContainer:
[TileNode0147]
TextureKey:DefaultMap
Attribute:1
ObjectContainer:
[TileNode0148]
TextureKey:DefaultMap
Attribute:3
ObjectContainer:
W_WallBase0026
[TileNode0149]
TextureKey:DefaultMap
Attribute:3
ObjectContainer:
W_GravelWall0007
[TileNode0150]
TextureKey:DefaultMap
Attribute:3
ObjectContainer:
W_GravelWall0008
[TileNode0151]
TextureKey:DefaultMap
Attribute:3
ObjectContainer:
W_GoldWall0016
[TileNode0152]
TextureKey:DefaultMap
Attribute:3
ObjectContainer:
W_GoldWall0017
[TileNode0153]
TextureKey:DefaultMap
Attribute:3
ObjectContainer:
W_GoldWall0018
[TileNode0154]
TextureKey:DefaultMap
Attribute:3
ObjectContainer:
W_Door0001
[TileNode0155]
TextureKey:DefaultMap
Attribute:3
ObjectContainer:
W_GoldWall0019
[TileNode0156]
TextureKey:DefaultMap
Attribute:3
ObjectContainer:
W_GoldWall0020
[TileNode0157]
TextureKey:DefaultMap
Attribute:3
ObjectContainer:
W_GoldWall0021
[TileNode0158]
TextureKey:DefaultMap
Attribute:2
ObjectContainer:
W_StoneWall0035
[TileNode0159]
TextureKey:DefaultMap
Attribute:1
ObjectContainer:
[TileNode0160]
TextureKey:DefaultMap
Attribute:1
ObjectContainer:
[TileNode0161]
TextureKey:DefaultMap
Attribute:1
ObjectContainer:
[TileNode0162]
TextureKey:DefaultMap
Attribute:1
ObjectContainer:
[TileNode0163]
TextureKey:DefaultMap
Attribute:2
ObjectContainer:
W_StoneWall0036
[TileNode0164]
TextureKey:DefaultMap
Attribute:3
ObjectContainer:
W_WallBase0027
[TileNode0165]
TextureKey:DefaultMap
Attribute:3
ObjectContainer:
W_Door0002
[TileNode0166]
TextureKey:DefaultMap
Attribute:3
ObjectContainer:
W_WallBase0028
[TileNode0167]
TextureKey:DefaultMap
Attribute:3
ObjectContainer:
W_WallBase0029
[TileNode0168]
TextureKey:DefaultMap
Attribute:3
ObjectContainer:
W_WallBase0030
[TileNode0169]
TextureKey:DefaultMap
Attribute:1
ObjectContainer:
[TileNode0170]
TextureKey:DefaultMap
Attribute:3
ObjectContainer:
W_WallBase0031
[TileNode0171]
TextureKey:DefaultMap
Attribute:3
ObjectContainer:
W_GravelWall0009
[TileNode0172]
TextureKey:DefaultMap
Attribute:3
ObjectContainer:
W_WallBase0032
[TileNode0173]
TextureKey:DefaultMap
Attribute:3
ObjectContainer:
W_WallBase0033
[TileNode0174]
TextureKey:DefaultMap
Attribute:1
ObjectContainer:
[TileNode0175]
TextureKey:DefaultMap
Attribute:1
ObjectContainer:
M_Skeleton0001
[TileNode0176]
TextureKey:DefaultMap
Attribute:1
ObjectContainer:
[TileNode0177]
TextureKey:DefaultMap
Attribute:3
ObjectContainer:
W_WallBase0034
[TileNode0178]
TextureKey:DefaultMap
Attribute:2
ObjectContainer:
W_StoneWall0037
[TileNode0179]
TextureKey:DefaultMap
Attribute:2
ObjectContainer:
W_StoneWall0038
[TileNode0180]
TextureKey:DefaultMap
Attribute:1
ObjectContainer:
[TileNode0181]
TextureKey:DefaultMap
Attribute:1
ObjectContainer:
[TileNode0182]
TextureKey:DefaultMap
Attribute:1
ObjectContainer:
[TileNode0183]
TextureKey:DefaultMap
Attribute:2
ObjectContainer:
W_StoneWall0039
[TileNode0184]
TextureKey:DefaultMap
Attribute:3
ObjectContainer:
W_WallBase0035
[TileNode0185]
TextureKey:DefaultMap
Attribute:1
ObjectContainer:
[TileNode0186]
TextureKey:DefaultMap
Attribute:1
ObjectContainer:
[TileNode0187]
TextureKey:DefaultMap
Attribute:1
ObjectContainer:
[TileNode0188]
TextureKey:DefaultMap
Attribute:3
ObjectContainer:
W_WallBase0036
[TileNode0189]
TextureKey:DefaultMap
Attribute:1
ObjectContainer:
[TileNode0190]
TextureKey:DefaultMap
Attribute:3
ObjectContainer:
W_WallBase0037
[TileNode0191]
TextureKey:DefaultMap
Attribute:3
ObjectContainer:
W_WallBase0038
[TileNode0192]
TextureKey:DefaultMap
Attribute:3
ObjectContainer:
W_WallBase0039
[TileNode0193]
TextureKey:DefaultMap
Attribute:1
ObjectContainer:
[TileNode0194]
TextureKey:DefaultMap
Attribute:1
ObjectContainer:
[TileNode0195]
TextureKey:DefaultMap
Attribute:1
ObjectContainer:
M_BlueSlime0001
[TileNode0196]
TextureKey:DefaultMap
Attribute:1
ObjectContainer:
[TileNode0197]
TextureKey:DefaultMap
Attribute:1
ObjectContainer:
[TileNode0198]
TextureKey:DefaultMap
Attribute:3
ObjectContainer:
W_WallBase0040
[TileNode0199]
TextureKey:DefaultMap
Attribute:2
ObjectContainer:
W_StoneWall0040
[TileNode0200]
TextureKey:DefaultMap
Attribute:1
ObjectContainer:
[TileNode0201]
TextureKey:DefaultMap
Attribute:1
ObjectContainer:
[TileNode0202]
TextureKey:DefaultMap
Attribute:1
ObjectContainer:
[TileNode0203]
TextureKey:DefaultMap
Attribute:2
ObjectContainer:
W_StoneWall0041
[TileNode0204]
TextureKey:DefaultMap
Attribute:3
ObjectContainer:
W_WallBase0041
[TileNode0205]
TextureKey:DefaultMap
Attribute:3
ObjectContainer:
W_WallBase0042
[TileNode0206]
TextureKey:DefaultMap
Attribute:3
ObjectContainer:
W_WallBase0043
[TileNode0207]
TextureKey:DefaultMap
Attribute:1
ObjectContainer:
[TileNode0208]
TextureKey:DefaultMap
Attribute:3
ObjectContainer:
W_WallBase0044
[TileNode0209]
TextureKey:DefaultMap
Attribute:3
ObjectContainer:
W_GravelWall0010
[TileNode0210]
TextureKey:DefaultMap
Attribute:1
ObjectContainer:
M_GreenSlime0003
[TileNode0211]
TextureKey:DefaultMap
Attribute:3
ObjectContainer:
W_WallBase0045
[TileNode0212]
TextureKey:DefaultMap
Attribute:3
ObjectContainer:
W_WallBase0046
[TileNode0213]
TextureKey:DefaultMap
Attribute:3
ObjectContainer:
W_WallBase0047
[TileNode0214]
TextureKey:DefaultMap
Attribute:3
ObjectContainer:
W_WallBase0048
[TileNode0215]
TextureKey:DefaultMap
Attribute:1
ObjectContainer:
[TileNode0216]
TextureKey:DefaultMap
Attribute:1
ObjectContainer:
[TileNode0217]
TextureKey:DefaultMap
Attribute:3
ObjectContainer:
W_WallBase0049
[TileNode0218]
TextureKey:DefaultMap
Attribute:3
ObjectContainer:
W_WallBase0050
[TileNode0219]
TextureKey:DefaultMap
Attribute:2
ObjectContainer:
W_StoneWall0042
[TileNode0220]
TextureKey:DefaultMap
Attribute:1
ObjectContainer:
[TileNode0221]
TextureKey:DefaultMap
Attribute:1
ObjectContainer:
[TileNode0222]
TextureKey:DefaultMap
Attribute:1
ObjectContainer:
[TileNode0223]
TextureKey:DefaultMap
Attribute:2
ObjectContainer:
W_StoneWall0043
[TileNode0224]
TextureKey:DefaultMap
Attribute:3
ObjectContainer:
W_WallBase0051
[TileNode0225]
TextureKey:DefaultMap
Attribute:1
ObjectContainer:
[TileNode0226]
TextureKey:DefaultMap
Attribute:1
ObjectContainer:
[TileNode0227]
TextureKey:DefaultMap
Attribute:1
ObjectContainer:
[TileNode0228]
TextureKey:DefaultMap
Attribute:3
ObjectContainer:
W_WallBase0052
[TileNode0229]
TextureKey:DefaultMap
Attribute:3
ObjectContainer:
W_GravelWall0011
[TileNode0230]
TextureKey:DefaultMap
Attribute:1
ObjectContainer:
[TileNode0231]
TextureKey:DefaultMap
Attribute:1
ObjectContainer:
[TileNode0232]
TextureKey:DefaultMap
Attribute:3
ObjectContainer:
W_DoorVertical0001
[TileNode0233]
TextureKey:DefaultMap
Attribute:1
ObjectContainer:
[TileNode0234]
TextureKey:DefaultMap
Attribute:1
ObjectContainer:
[TileNode0235]
TextureKey:DefaultMap
Attribute:1
ObjectContainer:
[TileNode0236]
TextureKey:DefaultMap
Attribute:1
ObjectContainer:
[TileNode0237]
TextureKey:DefaultMap
Attribute:3
ObjectContainer:
W_WallBase0053
[TileNode0238]
TextureKey:DefaultMap
Attribute:2
ObjectContainer:
W_StoneWall0044
[TileNode0239]
TextureKey:DefaultMap
Attribute:2
ObjectContainer:
W_StoneWall0045
[TileNode0240]
TextureKey:DefaultMap
Attribute:1
ObjectContainer:
[TileNode0241]
TextureKey:DefaultMap
Attribute:1
ObjectContainer:
[TileNode0242]
TextureKey:DefaultMap
Attribute:1
ObjectContainer:
[TileNode0243]
TextureKey:DefaultMap
Attribute:2
ObjectContainer:
W_StoneWall0046
[TileNode0244]
TextureKey:DefaultMap
Attribute:3
ObjectContainer:
W_WallBase0054
[TileNode0245]
TextureKey:DefaultMap
Attribute:1
ObjectContainer:
[TileNode0246]
TextureKey:DefaultMap
Attribute:1
ObjectContainer:
M_Skeleton0002
[TileNode0247]
TextureKey:DefaultMap
Attribute:1
ObjectContainer:
[TileNode0248]
TextureKey:DefaultMap
Attribute:3
ObjectContainer:
W_WallBase0055
[TileNode0249]
TextureKey:DefaultMap
Attribute:3
ObjectContainer:
W_GravelWall0012
[TileNode0250]
TextureKey:DefaultMap
Attribute:1
ObjectContainer:
[TileNode0251]
TextureKey:DefaultMap
Attribute:1
ObjectContainer:
[TileNode0252]
TextureKey:DefaultMap
Attribute:3
ObjectContainer:
W_WallBase0056
[TileNode0253]
TextureKey:DefaultMap
Attribute:3
ObjectContainer:
W_WallBase0057
[TileNode0254]
TextureKey:DefaultMap
Attribute:3
ObjectContainer:
W_WallBase0058
[TileNode0255]
TextureKey:DefaultMap
Attribute:3
ObjectContainer:
W_WallBase0059
[TileNode0256]
TextureKey:DefaultMap
Attribute:3
ObjectContainer:
W_WallBase0060
[TileNode0257]
TextureKey:DefaultMap
Attribute:3
ObjectContainer:
W_WallBase0061
[TileNode0258]
TextureKey:DefaultMap
Attribute:2
ObjectContainer:
W_StoneWall0047
[TileNode0259]
TextureKey:DefaultMap
Attribute:1
ObjectContainer:
[TileNode0260]
TextureKey:DefaultMap
Attribute:2
ObjectContainer:
W_StoneWall0048
[TileNode0261]
TextureKey:DefaultMap
Attribute:2
ObjectContainer:
W_StoneWall0049
[TileNode0262]
TextureKey:DefaultMap
Attribute:2
ObjectContainer:
W_StoneWall0050
[TileNode0263]
TextureKey:DefaultMap
Attribute:2
ObjectContainer:
W_StoneWall0051
[TileNode0264]
TextureKey:DefaultMap
Attribute:3
ObjectContainer:
W_WallBase0062
[TileNode0265]
TextureKey:DefaultMap
Attribute:1
ObjectContainer:
M_BlueSlime0002
[TileNode0266]
TextureKey:DefaultMap
Attribute:1
ObjectContainer:
[TileNode0267]
TextureKey:DefaultMap
Attribute:1
ObjectContainer:
[TileNode0268]
TextureKey:DefaultMap
Attribute:3
ObjectContainer:
W_WallBase0063
[TileNode0269]
TextureKey:DefaultMap
Attribute:3
ObjectContainer:
W_GravelWall0013
[TileNode0270]
TextureKey:DefaultMap
Attribute:3
ObjectContainer:
W_WallBase0064
[TileNode0271]
TextureKey:DefaultMap
Attribute:1
ObjectContainer:
M_GreenSlime0004
[TileNode0272]
TextureKey:DefaultMap
Attribute:1
ObjectContainer:
[TileNode0273]
TextureKey:DefaultMap
Attribute:1
ObjectContainer:
[TileNode0274]
TextureKey:DefaultMap
Attribute:1
ObjectContainer:
[TileNode0275]
TextureKey:DefaultMap
Attribute:1
ObjectContainer:
M_Bat0001
[TileNode0276]
TextureKey:DefaultMap
Attribute:1
ObjectContainer:
[TileNode0277]
TextureKey:DefaultMap
Attribute:3
ObjectContainer:
W_WallBase0065
[TileNode0278]
TextureKey:DefaultMap
Attribute:2
ObjectContainer:
W_StoneWall0052
[TileNode0279]
TextureKey:DefaultMap
Attribute:1
ObjectContainer:
[TileNode0280]
TextureKey:DefaultMap
Attribute:2
ObjectContainer:
W_StoneWall0053
[TileNode0281]
TextureKey:DefaultMap
Attribute:3
ObjectContainer:
W_WallBase0066
[TileNode0282]
TextureKey:DefaultMap
Attribute:3
ObjectContainer:
W_WallBase0067
[TileNode0283]
TextureKey:DefaultMap
Attribute:3
ObjectContainer:
W_WallBase0068
[TileNode0284]
TextureKey:DefaultMap
Attribute:3
ObjectContainer:
W_WallBase0069
[TileNode0285]
TextureKey:DefaultMap
Attribute:1
ObjectContainer:
[TileNode0286]
TextureKey:DefaultMap
Attribute:1
ObjectContainer:
[TileNode0287]
TextureKey:DefaultMap
Attribute:1
ObjectContainer:
[TileNode0288]
TextureKey:DefaultMap
Attribute:3
ObjectContainer:
W_DoorVertical0002
[TileNode0289]
TextureKey:DefaultMap
Attribute:1
ObjectContainer:
[TileNode0290]
TextureKey:DefaultMap
Attribute:1
ObjectContainer:
[TileNode0291]
TextureKey:DefaultMap
Attribute:1
ObjectContainer:
[TileNode0292]
TextureKey:DefaultMap
Attribute:1
ObjectContainer:
[TileNode0293]
TextureKey:DefaultMap
Attribute:1
ObjectContainer:
[TileNode0294]
TextureKey:DefaultMap
Attribute:1
ObjectContainer:
M_Bat0002
[TileNode0295]
TextureKey:DefaultMap
Attribute:1
ObjectContainer:
[TileNode0296]
TextureKey:DefaultMap
Attribute:1
ObjectContainer:
[TileNode0297]
TextureKey:DefaultMap
Attribute:3
ObjectContainer:
W_WallBase0070
[TileNode0298]
TextureKey:DefaultMap
Attribute:2
ObjectContainer:
W_StoneWall0054
[TileNode0299]
TextureKey:DefaultMap
Attribute:1
ObjectContainer:
[TileNode0300]
TextureKey:DefaultMap
Attribute:2
ObjectContainer:
W_StoneWall0055
[TileNode0301]
TextureKey:DefaultMap
Attribute:2
ObjectContainer:
W_StoneWall0056
[TileNode0302]
TextureKey:DefaultMap
Attribute:3
ObjectContainer:
W_WallBase0071
[TileNode0303]
TextureKey:DefaultMap
Attribute:1
ObjectContainer:
[TileNode0304]
TextureKey:DefaultMap
Attribute:1
ObjectContainer:
M_Skeleton0003
[TileNode0305]
TextureKey:DefaultMap
Attribute:1
ObjectContainer:
M_Bat0003
[TileNode0306]
TextureKey:DefaultMap
Attribute:1
ObjectContainer:
[TileNode0307]
TextureKey:DefaultMap
Attribute:1
ObjectContainer:
[TileNode0308]
TextureKey:DefaultMap
Attribute:3
ObjectContainer:
W_GravelWall0014
[TileNode0309]
TextureKey:DefaultMap
Attribute:3
ObjectContainer:
W_GravelWall0015
[TileNode0310]
TextureKey:DefaultMap
Attribute:1
ObjectContainer:
[TileNode0311]
TextureKey:DefaultMap
Attribute:1
ObjectContainer:
[TileNode0312]
TextureKey:DefaultMap
Attribute:1
ObjectContainer:
M_Skeleton0004
[TileNode0313]
TextureKey:DefaultMap
Attribute:1
ObjectContainer:
[TileNode0314]
TextureKey:DefaultMap
Attribute:1
ObjectContainer:
[TileNode0315]
TextureKey:DefaultMap
Attribute:1
ObjectContainer:
[TileNode0316]
TextureKey:DefaultMap
Attribute:1
ObjectContainer:
[TileNode0317]
TextureKey:DefaultMap
Attribute:3
ObjectContainer:
W_WallBase0072
[TileNode0318]
TextureKey:DefaultMap
Attribute:2
ObjectContainer:
W_StoneWall0057
[TileNode0319]
TextureKey:DefaultMap
Attribute:1
ObjectContainer:
[TileNode0320]
TextureKey:DefaultMap
Attribute:1
ObjectContainer:
[TileNode0321]
TextureKey:DefaultMap
Attribute:2
ObjectContainer:
W_StoneWall0058
[TileNode0322]
TextureKey:DefaultMap
Attribute:3
ObjectContainer:
W_WallBase0073
[TileNode0323]
TextureKey:DefaultMap
Attribute:1
ObjectContainer:
[TileNode0324]
TextureKey:DefaultMap
Attribute:1
ObjectContainer:
[TileNode0325]
TextureKey:DefaultMap
Attribute:1
ObjectContainer:
[TileNode0326]
TextureKey:DefaultMap
Attribute:3
ObjectContainer:
W_GravelWall0016
[TileNode0327]
TextureKey:DefaultMap
Attribute:3
ObjectContainer:
W_GravelWall0017
[TileNode0328]
TextureKey:DefaultMap
Attribute:3
ObjectContainer:
W_GravelWall0018
[TileNode0329]
TextureKey:DefaultMap
Attribute:3
ObjectContainer:
W_GravelWall0019
[TileNode0330]
TextureKey:DefaultMap
Attribute:3
ObjectContainer:
W_GravelWall0020
[TileNode0331]
TextureKey:DefaultMap
Attribute:3
ObjectContainer:
W_WallBase0074
[TileNode0332]
TextureKey:DefaultMap
Attribute:1
ObjectContainer:
[TileNode0333]
TextureKey:DefaultMap
Attribute:1
ObjectContainer:
[TileNode0334]
TextureKey:DefaultMap
Attribute:1
ObjectContainer:
[TileNode0335]
TextureKey:DefaultMap
Attribute:1
ObjectContainer:
[TileNode0336]
TextureKey:DefaultMap
Attribute:1
ObjectContainer:
[TileNode0337]
TextureKey:DefaultMap
Attribute:3
ObjectContainer:
W_WallBase0075
[TileNode0338]
TextureKey:DefaultMap
Attribute:2
ObjectContainer:
W_StoneWall0059
[TileNode0339]
TextureKey:DefaultMap
Attribute:2
ObjectContainer:
W_StoneWall0060
[TileNode0340]
TextureKey:DefaultMap
Attribute:1
ObjectContainer:
[TileNode0341]
TextureKey:DefaultMap
Attribute:2
ObjectContainer:
W_StoneWall0061
[TileNode0342]
TextureKey:DefaultMap
Attribute:3
ObjectContainer:
W_WallBase0076
[TileNode0343]
TextureKey:DefaultMap
Attribute:3
ObjectContainer:
W_WallBase0077
[TileNode0344]
TextureKey:DefaultMap
Attribute:3
ObjectContainer:
W_WallBase0078
[TileNode0345]
TextureKey:DefaultMap
Attribute:3
ObjectContainer:
W_GravelWall0021
[TileNode0346]
TextureKey:DefaultMap
Attribute:3
ObjectContainer:
W_GravelWall0022
[TileNode0347]
TextureKey:DefaultMap
Attribute:3
ObjectContainer:
W_WallBase0079
[TileNode0348]
TextureKey:DefaultMap
Attribute:3
ObjectContainer:
W_WallBase0080
[TileNode0349]
TextureKey:DefaultMap
Attribute:3
ObjectContainer:
W_WallBase0081
[TileNode0350]
TextureKey:DefaultMap
Attribute:3
ObjectContainer:
W_WallBase0082
[TileNode0351]
TextureKey:DefaultMap
Attribute:3
ObjectContainer:
W_WallBase0083
[TileNode0352]
TextureKey:DefaultMap
Attribute:3
ObjectContainer:
W_WallBase0084
[TileNode0353]
TextureKey:DefaultMap
Attribute:3
ObjectContainer:
W_WallBase0085
[TileNode0354]
TextureKey:DefaultMap
Attribute:3
ObjectContainer:
W_WallBase0086
[TileNode0355]
TextureKey:DefaultMap
Attribute:3
ObjectContainer:
W_WallBase0087
[TileNode0356]
TextureKey:DefaultMap
Attribute:3
ObjectContainer:
W_WallBase0088
[TileNode0357]
TextureKey:DefaultMap
Attribute:3
ObjectContainer:
W_WallBase0089
[TileNode0358]
TextureKey:DefaultMap
Attribute:3
ObjectContainer:
W_WallBase0090
[TileNode0359]
TextureKey:DefaultMap
Attribute:2
ObjectContainer:
W_StoneWall0062
[TileNode0360]
TextureKey:DefaultMap
Attribute:1
ObjectContainer:
[TileNode0361]
TextureKey:DefaultMap
Attribute:2
ObjectContainer:
W_StoneWall0063
[TileNode0362]
TextureKey:DefaultMap
Attribute:2
ObjectContainer:
W_StoneWall0064
[TileNode0363]
TextureKey:DefaultMap
Attribute:2
ObjectContainer:
W_StoneWall0065
[TileNode0364]
TextureKey:DefaultMap
Attribute:2
ObjectContainer:
W_StoneWall0066
[TileNode0365]
TextureKey:DefaultMap
Attribute:2
ObjectContainer:
W_StoneWall0067
[TileNode0366]
TextureKey:DefaultMap
Attribute:2
ObjectContainer:
W_StoneWall0068
[TileNode0367]
TextureKey:DefaultMap
Attribute:2
ObjectContainer:
W_StoneWall0069
[TileNode0368]
TextureKey:DefaultMap
Attribute:2
ObjectContainer:
W_StoneWall0070
[TileNode0369]
TextureKey:DefaultMap
Attribute:2
ObjectContainer:
W_StoneWall0071
[TileNode0370]
TextureKey:DefaultMap
Attribute:2
ObjectContainer:
W_StoneWall0072
[TileNode0371]
TextureKey:DefaultMap
Attribute:2
ObjectContainer:
W_StoneWall0073
[TileNode0372]
TextureKey:DefaultMap
Attribute:2
ObjectContainer:
W_StoneWall0074
[TileNode0373]
TextureKey:DefaultMap
Attribute:2
ObjectContainer:
W_StoneWall0075
[TileNode0374]
TextureKey:DefaultMap
Attribute:2
ObjectContainer:
W_StoneWall0076
[TileNode0375]
TextureKey:DefaultMap
Attribute:2
ObjectContainer:
W_StoneWall0077
[TileNode0376]
TextureKey:DefaultMap
Attribute:2
ObjectContainer:
W_StoneWall0078
[TileNode0377]
TextureKey:DefaultMap
Attribute:2
ObjectContainer:
W_StoneWall0079
[TileNode0378]
TextureKey:DefaultMap
Attribute:2
ObjectContainer:
W_StoneWall0080
[TileNode0379]
TextureKey:DefaultMap
Attribute:2
ObjectContainer:
W_StoneWall0081
[TileNode0380]
TextureKey:DefaultMap
Attribute:1
ObjectContainer:
[TileNode0381]
TextureKey:DefaultMap
Attribute:1
ObjectContainer:
[TileNode0382]
TextureKey:DefaultMap
Attribute:1
ObjectContainer:
[TileNode0383]
TextureKey:DefaultMap
Attribute:1
ObjectContainer:
[TileNode0384]
TextureKey:DefaultMap
Attribute:1
ObjectContainer:
[TileNode0385]
TextureKey:DefaultMap
Attribute:1
ObjectContainer:
[TileNode0386]
TextureKey:DefaultMap
Attribute:1
ObjectContainer:
[TileNode0387]
TextureKey:DefaultMap
Attribute:1
ObjectContainer:
[TileNode0388]
TextureKey:DefaultMap
Attribute:1
ObjectContainer:
[TileNode0389]
TextureKey:DefaultMap
Attribute:1
ObjectContainer:
[TileNode0390]
TextureKey:DefaultMap
Attribute:1
ObjectContainer:
[TileNode0391]
TextureKey:DefaultMap
Attribute:1
ObjectContainer:
[TileNode0392]
TextureKey:DefaultMap
Attribute:1
ObjectContainer:
[TileNode0393]
TextureKey:DefaultMap
Attribute:1
ObjectContainer:
[TileNode0394]
TextureKey:DefaultMap
Attribute:1
ObjectContainer:
[TileNode0395]
TextureKey:DefaultMap
Attribute:1
ObjectContainer:
[TileNode0396]
TextureKey:DefaultMap
Attribute:1
ObjectContainer:
[TileNode0397]
TextureKey:DefaultMap
Attribute:1
ObjectContainer:
[TileNode0398]
TextureKey:DefaultMap
Attribute:1
ObjectContainer:
[TileNode0399]
TextureKey:DefaultMap
Attribute:1
ObjectContainer:
