[MapSize]
10,10
[TileSize]
52.000000,52.000000
[PivotPosition]
26.000000,26.000000
[PlayerSpawn]
-431602080.000000,-431602080.000000

[TileNode0000]
TextureKey:DefaultMap
Attribute:1
ObjectContainer:
[TileNode0001]
TextureKey:DefaultMap
Attribute:1
ObjectContainer:
[TileNode0002]
TextureKey:DefaultMap
Attribute:1
ObjectContainer:
[TileNode0003]
TextureKey:DefaultMap
Attribute:1
ObjectContainer:
[TileNode0004]
TextureKey:DefaultMap
Attribute:1
ObjectContainer:
[TileNode0005]
TextureKey:DefaultMap
Attribute:1
ObjectContainer:
[TileNode0006]
TextureKey:DefaultMap
Attribute:1
ObjectContainer:
[TileNode0007]
TextureKey:DefaultMap
Attribute:1
ObjectContainer:
[TileNode0008]
TextureKey:DefaultMap
Attribute:1
ObjectContainer:
[TileNode0009]
TextureKey:DefaultMap
Attribute:1
ObjectContainer:
[TileNode0010]
TextureKey:DefaultMap
Attribute:1
ObjectContainer:
[TileNode0011]
TextureKey:DefaultMap
Attribute:3
ObjectContainer:
W_GoldWall0001
[TileNode0012]
TextureKey:DefaultMap
Attribute:3
ObjectContainer:
W_GoldWall0004
[TileNode0013]
TextureKey:DefaultMap
Attribute:3
ObjectContainer:
W_GoldWall0007
[TileNode0014]
TextureKey:DefaultMap
Attribute:3
ObjectContainer:
W_GoldWall0010
[TileNode0015]
TextureKey:DefaultMap
Attribute:1
ObjectContainer:
[TileNode0016]
TextureKey:DefaultMap
Attribute:1
ObjectContainer:
[TileNode0017]
TextureKey:DefaultMap
Attribute:1
ObjectContainer:
[TileNode0018]
TextureKey:DefaultMap
Attribute:1
ObjectContainer:
[TileNode0019]
TextureKey:DefaultMap
Attribute:1
ObjectContainer:
[TileNode0020]
TextureKey:DefaultMap
Attribute:1
ObjectContainer:
[TileNode0021]
TextureKey:DefaultMap
Attribute:3
ObjectContainer:
W_GoldWall0002
[TileNode0022]
TextureKey:DefaultMap
Attribute:3
ObjectContainer:
W_GoldWall0005
[TileNode0023]
TextureKey:DefaultMap
Attribute:3
ObjectContainer:
W_GoldWall0008
[TileNode0024]
TextureKey:DefaultMap
Attribute:3
ObjectContainer:
W_GoldWall0011
[TileNode0025]
TextureKey:DefaultMap
Attribute:1
ObjectContainer:
[TileNode0026]
TextureKey:DefaultMap
Attribute:1
ObjectContainer:
[TileNode0027]
TextureKey:DefaultMap
Attribute:1
ObjectContainer:
[TileNode0028]
TextureKey:DefaultMap
Attribute:1
ObjectContainer:
[TileNode0029]
TextureKey:DefaultMap
Attribute:1
ObjectContainer:
[TileNode0030]
TextureKey:DefaultMap
Attribute:1
ObjectContainer:
[TileNode0031]
TextureKey:DefaultMap
Attribute:3
ObjectContainer:
W_GoldWall0003
[TileNode0032]
TextureKey:DefaultMap
Attribute:3
ObjectContainer:
W_GoldWall0006
[TileNode0033]
TextureKey:DefaultMap
Attribute:3
ObjectContainer:
W_GoldWall0009
[TileNode0034]
TextureKey:DefaultMap
Attribute:3
ObjectContainer:
W_GoldWall0012
[TileNode0035]
TextureKey:DefaultMap
Attribute:1
ObjectContainer:
[TileNode0036]
TextureKey:DefaultMap
Attribute:1
ObjectContainer:
[TileNode0037]
TextureKey:DefaultMap
Attribute:1
ObjectContainer:
[TileNode0038]
TextureKey:DefaultMap
Attribute:1
ObjectContainer:
[TileNode0039]
TextureKey:DefaultMap
Attribute:1
ObjectContainer:
[TileNode0040]
TextureKey:DefaultMap
Attribute:1
ObjectContainer:
[TileNode0041]
TextureKey:DefaultMap
Attribute:1
ObjectContainer:
[TileNode0042]
TextureKey:DefaultMap
Attribute:1
ObjectContainer:
[TileNode0043]
TextureKey:DefaultMap
Attribute:1
ObjectContainer:
[TileNode0044]
TextureKey:DefaultMap
Attribute:1
ObjectContainer:
[TileNode0045]
TextureKey:DefaultMap
Attribute:1
ObjectContainer:
[TileNode0046]
TextureKey:DefaultMap
Attribute:1
ObjectContainer:
[TileNode0047]
TextureKey:DefaultMap
Attribute:1
ObjectContainer:
[TileNode0048]
TextureKey:DefaultMap
Attribute:1
ObjectContainer:
[TileNode0049]
TextureKey:DefaultMap
Attribute:1
ObjectContainer:
[TileNode0050]
TextureKey:DefaultMap
Attribute:1
ObjectContainer:
[TileNode0051]
TextureKey:DefaultMap
Attribute:1
ObjectContainer:
[TileNode0052]
TextureKey:DefaultMap
Attribute:1
ObjectContainer:
[TileNode0053]
TextureKey:DefaultMap
Attribute:1
ObjectContainer:
[TileNode0054]
TextureKey:DefaultMap
Attribute:1
ObjectContainer:
[TileNode0055]
TextureKey:DefaultMap
Attribute:1
ObjectContainer:
[TileNode0056]
TextureKey:DefaultMap
Attribute:1
ObjectContainer:
[TileNode0057]
TextureKey:DefaultMap
Attribute:1
ObjectContainer:
[TileNode0058]
TextureKey:DefaultMap
Attribute:1
ObjectContainer:
[TileNode0059]
TextureKey:DefaultMap
Attribute:1
ObjectContainer:
[TileNode0060]
TextureKey:DefaultMap
Attribute:1
ObjectContainer:
[TileNode0061]
TextureKey:DefaultMap
Attribute:1
ObjectContainer:
[TileNode0062]
TextureKey:DefaultMap
Attribute:1
ObjectContainer:
[TileNode0063]
TextureKey:DefaultMap
Attribute:1
ObjectContainer:
[TileNode0064]
TextureKey:DefaultMap
Attribute:1
ObjectContainer:
[TileNode0065]
TextureKey:DefaultMap
Attribute:1
ObjectContainer:
[TileNode0066]
TextureKey:DefaultMap
Attribute:1
ObjectContainer:
[TileNode0067]
TextureKey:DefaultMap
Attribute:1
ObjectContainer:
[TileNode0068]
TextureKey:DefaultMap
Attribute:1
ObjectContainer:
[TileNode0069]
TextureKey:DefaultMap
Attribute:1
ObjectContainer:
[TileNode0070]
TextureKey:DefaultMap
Attribute:1
ObjectContainer:
[TileNode0071]
TextureKey:DefaultMap
Attribute:1
ObjectContainer:
[TileNode0072]
TextureKey:DefaultMap
Attribute:1
ObjectContainer:
[TileNode0073]
TextureKey:DefaultMap
Attribute:1
ObjectContainer:
[TileNode0074]
TextureKey:DefaultMap
Attribute:1
ObjectContainer:
[TileNode0075]
TextureKey:DefaultMap
Attribute:1
ObjectContainer:
[TileNode0076]
TextureKey:DefaultMap
Attribute:1
ObjectContainer:
[TileNode0077]
TextureKey:DefaultMap
Attribute:1
ObjectContainer:
[TileNode0078]
TextureKey:DefaultMap
Attribute:1
ObjectContainer:
[TileNode0079]
TextureKey:DefaultMap
Attribute:1
ObjectContainer:
[TileNode0080]
TextureKey:DefaultMap
Attribute:1
ObjectContainer:
[TileNode0081]
TextureKey:DefaultMap
Attribute:1
ObjectContainer:
[TileNode0082]
TextureKey:DefaultMap
Attribute:1
ObjectContainer:
[TileNode0083]
TextureKey:DefaultMap
Attribute:1
ObjectContainer:
[TileNode0084]
TextureKey:DefaultMap
Attribute:1
ObjectContainer:
[TileNode0085]
TextureKey:DefaultMap
Attribute:1
ObjectContainer:
[TileNode0086]
TextureKey:DefaultMap
Attribute:1
ObjectContainer:
[TileNode0087]
TextureKey:DefaultMap
Attribute:1
ObjectContainer:
[TileNode0088]
TextureKey:DefaultMap
Attribute:1
ObjectContainer:
[TileNode0089]
TextureKey:DefaultMap
Attribute:1
ObjectContainer:
[TileNode0090]
TextureKey:DefaultMap
Attribute:1
ObjectContainer:
[TileNode0091]
TextureKey:DefaultMap
Attribute:1
ObjectContainer:
[TileNode0092]
TextureKey:DefaultMap
Attribute:1
ObjectContainer:
[TileNode0093]
TextureKey:DefaultMap
Attribute:1
ObjectContainer:
[TileNode0094]
TextureKey:DefaultMap
Attribute:1
ObjectContainer:
[TileNode0095]
TextureKey:DefaultMap
Attribute:1
ObjectContainer:
[TileNode0096]
TextureKey:DefaultMap
Attribute:1
ObjectContainer:
[TileNode0097]
TextureKey:DefaultMap
Attribute:1
ObjectContainer:
[TileNode0098]
TextureKey:DefaultMap
Attribute:1
ObjectContainer:
[TileNode0099]
TextureKey:DefaultMap
Attribute:1
ObjectContainer:
